
> api@1.0.0 start:dev
> nest start --watch

[2J[3J[H[[90m9:48:26 PM[0m] Starting compilation in watch mode...

To restart at any time, enter rs.

[[90m9:48:27 PM[0m] Found 0 errors. Watching for file changes.

[Nest] 80880  - 06/25/2026, 9:48:28 PM     LOG [NestFactory] Starting Nest application...
[Nest] 80880  - 06/25/2026, 9:48:28 PM     LOG [InstanceLoader] CommonModule dependencies initialized +8ms
[Nest] 80880  - 06/25/2026, 9:48:28 PM     LOG [InstanceLoader] RedisModule dependencies initialized +0ms
[Nest] 80880  - 06/25/2026, 9:48:28 PM     LOG [InstanceLoader] PassportModule dependencies initialized +0ms
[Nest] 80880  - 06/25/2026, 9:48:28 PM     LOG [InstanceLoader] SystemModule dependencies initialized +0ms
[Nest] 80880  - 06/25/2026, 9:48:28 PM     LOG [InstanceLoader] MonitorModule dependencies initialized +0ms
[Nest] 80880  - 06/25/2026, 9:48:28 PM     LOG [InstanceLoader] ConfigHostModule dependencies initialized +19ms
[Nest] 80880  - 06/25/2026, 9:48:28 PM     LOG [InstanceLoader] ThrottlerModule dependencies initialized +0ms
[Nest] 80880  - 06/25/2026, 9:48:28 PM     LOG [InstanceLoader] DiscoveryModule dependencies initialized +0ms
[Nest] 80880  - 06/25/2026, 9:48:28 PM     LOG [InstanceLoader] ConfigModule dependencies initialized +1ms
[Nest] 80880  - 06/25/2026, 9:48:28 PM     LOG [InstanceLoader] ConfigModule dependencies initialized +0ms
[Nest] 80880  - 06/25/2026, 9:48:28 PM     LOG [InstanceLoader] AppModule dependencies initialized +0ms
[Nest] 80880  - 06/25/2026, 9:48:28 PM     LOG [InstanceLoader] ScheduleModule dependencies initialized +0ms
[Nest] 80880  - 06/25/2026, 9:48:28 PM     LOG [InstanceLoader] JwtModule dependencies initialized +1ms
[Nest] 80880  - 06/25/2026, 9:48:28 PM     LOG [InstanceLoader] ServerModule dependencies initialized +0ms
[Nest] 80880  - 06/25/2026, 9:48:28 PM     LOG [InstanceLoader] UserModule dependencies initialized +0ms
[Nest] 80880  - 06/25/2026, 9:48:28 PM     LOG [InstanceLoader] RoleModule dependencies initialized +0ms
[Nest] 80880  - 06/25/2026, 9:48:28 PM     LOG [InstanceLoader] DeptModule dependencies initialized +0ms
[Nest] 80880  - 06/25/2026, 9:48:28 PM     LOG [InstanceLoader] MenuModule dependencies initialized +0ms
[Nest] 80880  - 06/25/2026, 9:48:28 PM     LOG [InstanceLoader] PostModule dependencies initialized +0ms
[Nest] 80880  - 06/25/2026, 9:48:28 PM     LOG [InstanceLoader] DictModule dependencies initialized +0ms
[Nest] 80880  - 06/25/2026, 9:48:28 PM     LOG [InstanceLoader] ConfigModule dependencies initialized +0ms
[Nest] 80880  - 06/25/2026, 9:48:28 PM     LOG [InstanceLoader] NoticeModule dependencies initialized +0ms
[Nest] 80880  - 06/25/2026, 9:48:28 PM     LOG [InstanceLoader] LoginLogModule dependencies initialized +0ms
[Nest] 80880  - 06/25/2026, 9:48:28 PM     LOG [InstanceLoader] OperLogModule dependencies initialized +0ms
[Nest] 80880  - 06/25/2026, 9:48:28 PM     LOG [InstanceLoader] OnlineModule dependencies initialized +0ms
[Nest] 80880  - 06/25/2026, 9:48:28 PM     LOG [InstanceLoader] CacheModule dependencies initialized +0ms
[Nest] 80880  - 06/25/2026, 9:48:28 PM     LOG [InstanceLoader] FileModule dependencies initialized +0ms
[Nest] 80880  - 06/25/2026, 9:48:28 PM     LOG [InstanceLoader] GenModule dependencies initialized +0ms
[Nest] 80880  - 06/25/2026, 9:48:28 PM     LOG [InstanceLoader] AuthModule dependencies initialized +0ms
[Nest] 80880  - 06/25/2026, 9:48:28 PM     LOG [RoutesResolver] AuthController {/api/auth}: +16ms
[Nest] 80880  - 06/25/2026, 9:48:28 PM     LOG [RouterExplorer] Mapped {/api/auth/login, POST} route +1ms
[Nest] 80880  - 06/25/2026, 9:48:28 PM     LOG [RouterExplorer] Mapped {/api/auth/register, POST} route +0ms
[Nest] 80880  - 06/25/2026, 9:48:28 PM     LOG [RouterExplorer] Mapped {/api/auth/captcha, GET} route +0ms
[Nest] 80880  - 06/25/2026, 9:48:28 PM     LOG [RouterExplorer] Mapped {/api/auth/captcha/validate, POST} route +0ms
[Nest] 80880  - 06/25/2026, 9:48:28 PM     LOG [RouterExplorer] Mapped {/api/auth/logout, POST} route +0ms
[Nest] 80880  - 06/25/2026, 9:48:28 PM     LOG [RouterExplorer] Mapped {/api/auth/user/info, GET} route +0ms
[Nest] 80880  - 06/25/2026, 9:48:28 PM     LOG [RouterExplorer] Mapped {/api/auth/online/users, GET} route +0ms
[Nest] 80880  - 06/25/2026, 9:48:28 PM     LOG [RouterExplorer] Mapped {/api/auth/profile, GET} route +0ms
[Nest] 80880  - 06/25/2026, 9:48:28 PM     LOG [RouterExplorer] Mapped {/api/auth/profile, PUT} route +0ms
[Nest] 80880  - 06/25/2026, 9:48:28 PM     LOG [RouterExplorer] Mapped {/api/auth/profile/password, PUT} route +0ms
[Nest] 80880  - 06/25/2026, 9:48:28 PM     LOG [RoutesResolver] UserController {/api/system/user}: +0ms
[Nest] 80880  - 06/25/2026, 9:48:28 PM     LOG [RouterExplorer] Mapped {/api/system/user/list, GET} route +1ms
[Nest] 80880  - 06/25/2026, 9:48:28 PM     LOG [RouterExplorer] Mapped {/api/system/user/:id, GET} route +0ms
[Nest] 80880  - 06/25/2026, 9:48:28 PM     LOG [RouterExplorer] Mapped {/api/system/user, POST} route +0ms
[Nest] 80880  - 06/25/2026, 9:48:28 PM     LOG [RouterExplorer] Mapped {/api/system/user, PUT} route +0ms
[Nest] 80880  - 06/25/2026, 9:48:28 PM     LOG [RouterExplorer] Mapped {/api/system/user/:id, DELETE} route +0ms
[Nest] 80880  - 06/25/2026, 9:48:28 PM     LOG [RouterExplorer] Mapped {/api/system/user/reset-password/:id, PUT} route +0ms
[Nest] 80880  - 06/25/2026, 9:48:28 PM     LOG [RouterExplorer] Mapped {/api/system/user/change-status/:id, PUT} route +0ms
[Nest] 80880  - 06/25/2026, 9:48:28 PM     LOG [RouterExplorer] Mapped {/api/system/user/assign-roles/:id, PUT} route +0ms
[Nest] 80880  - 06/25/2026, 9:48:28 PM     LOG [RoutesResolver] RoleController {/api/system/role}: +0ms
[Nest] 80880  - 06/25/2026, 9:48:28 PM     LOG [RouterExplorer] Mapped {/api/system/role/list, GET} route +0ms
[Nest] 80880  - 06/25/2026, 9:48:28 PM     LOG [RouterExplorer] Mapped {/api/system/role, POST} route +0ms
[Nest] 80880  - 06/25/2026, 9:48:28 PM     LOG [RouterExplorer] Mapped {/api/system/role, PUT} route +0ms
[Nest] 80880  - 06/25/2026, 9:48:28 PM     LOG [RouterExplorer] Mapped {/api/system/role/:id, DELETE} route +0ms
[Nest] 80880  - 06/25/2026, 9:48:28 PM     LOG [RouterExplorer] Mapped {/api/system/role/change-status/:id, PUT} route +0ms
[Nest] 80880  - 06/25/2026, 9:48:28 PM     LOG [RouterExplorer] Mapped {/api/system/role/assign-permissions/:id, PUT} route +0ms
[Nest] 80880  - 06/25/2026, 9:48:28 PM     LOG [RouterExplorer] Mapped {/api/system/role/menu/:id, GET} route +0ms
[Nest] 80880  - 06/25/2026, 9:48:28 PM     LOG [RouterExplorer] Mapped {/api/system/role/:id, GET} route +0ms
[Nest] 80880  - 06/25/2026, 9:48:28 PM     LOG [RoutesResolver] DeptController {/api/system/dept}: +0ms
[Nest] 80880  - 06/25/2026, 9:48:28 PM     LOG [RouterExplorer] Mapped {/api/system/dept/list, GET} route +0ms
[Nest] 80880  - 06/25/2026, 9:48:28 PM     LOG [RouterExplorer] Mapped {/api/system/dept/tree, GET} route +0ms
[Nest] 80880  - 06/25/2026, 9:48:28 PM     LOG [RouterExplorer] Mapped {/api/system/dept/:id, GET} route +0ms
[Nest] 80880  - 06/25/2026, 9:48:28 PM     LOG [RouterExplorer] Mapped {/api/system/dept, POST} route +0ms
[Nest] 80880  - 06/25/2026, 9:48:28 PM     LOG [RouterExplorer] Mapped {/api/system/dept, PUT} route +0ms
[Nest] 80880  - 06/25/2026, 9:48:28 PM     LOG [RouterExplorer] Mapped {/api/system/dept/:id, DELETE} route +0ms
[Nest] 80880  - 06/25/2026, 9:48:28 PM     LOG [RoutesResolver] MenuController {/api/system/menu}: +1ms
[Nest] 80880  - 06/25/2026, 9:48:28 PM     LOG [RouterExplorer] Mapped {/api/system/menu/list, GET} route +0ms
[Nest] 80880  - 06/25/2026, 9:48:28 PM     LOG [RouterExplorer] Mapped {/api/system/menu/tree, GET} route +0ms
[Nest] 80880  - 06/25/2026, 9:48:28 PM     LOG [RouterExplorer] Mapped {/api/system/menu/build-route, GET} route +0ms
[Nest] 80880  - 06/25/2026, 9:48:28 PM     LOG [RouterExplorer] Mapped {/api/system/menu/:id, GET} route +0ms
[Nest] 80880  - 06/25/2026, 9:48:28 PM     LOG [RouterExplorer] Mapped {/api/system/menu, POST} route +0ms
[Nest] 80880  - 06/25/2026, 9:48:28 PM     LOG [RouterExplorer] Mapped {/api/system/menu, PUT} route +0ms
[Nest] 80880  - 06/25/2026, 9:48:28 PM     LOG [RouterExplorer] Mapped {/api/system/menu/:id, DELETE} route +0ms
[Nest] 80880  - 06/25/2026, 9:48:28 PM     LOG [RoutesResolver] PostController {/api/system/post}: +0ms
[Nest] 80880  - 06/25/2026, 9:48:28 PM     LOG [RouterExplorer] Mapped {/api/system/post/list, GET} route +0ms
[Nest] 80880  - 06/25/2026, 9:48:28 PM     LOG [RouterExplorer] Mapped {/api/system/post/:id, GET} route +0ms
[Nest] 80880  - 06/25/2026, 9:48:28 PM     LOG [RouterExplorer] Mapped {/api/system/post, POST} route +0ms
[Nest] 80880  - 06/25/2026, 9:48:28 PM     LOG [RouterExplorer] Mapped {/api/system/post, PUT} route +0ms
[Nest] 80880  - 06/25/2026, 9:48:28 PM     LOG [RouterExplorer] Mapped {/api/system/post/:id, DELETE} route +0ms
[Nest] 80880  - 06/25/2026, 9:48:28 PM     LOG [RoutesResolver] DictController {/api/system/dict}: +0ms
[Nest] 80880  - 06/25/2026, 9:48:28 PM     LOG [RouterExplorer] Mapped {/api/system/dict/type/list, GET} route +0ms
[Nest] 80880  - 06/25/2026, 9:48:28 PM     LOG [RouterExplorer] Mapped {/api/system/dict/type/:id, GET} route +0ms
[Nest] 80880  - 06/25/2026, 9:48:28 PM     LOG [RouterExplorer] Mapped {/api/system/dict/type, POST} route +0ms
[Nest] 80880  - 06/25/2026, 9:48:28 PM     LOG [RouterExplorer] Mapped {/api/system/dict/type, PUT} route +0ms
[Nest] 80880  - 06/25/2026, 9:48:28 PM     LOG [RouterExplorer] Mapped {/api/system/dict/type/:id, DELETE} route +0ms
[Nest] 80880  - 06/25/2026, 9:48:28 PM     LOG [RouterExplorer] Mapped {/api/system/dict/data/list, GET} route +0ms
[Nest] 80880  - 06/25/2026, 9:48:28 PM     LOG [RouterExplorer] Mapped {/api/system/dict/data, POST} route +0ms
[Nest] 80880  - 06/25/2026, 9:48:28 PM     LOG [RouterExplorer] Mapped {/api/system/dict/data, PUT} route +0ms
[Nest] 80880  - 06/25/2026, 9:48:28 PM     LOG [RouterExplorer] Mapped {/api/system/dict/data/:id, DELETE} route +0ms
[Nest] 80880  - 06/25/2026, 9:48:28 PM     LOG [RoutesResolver] ConfigController {/api/system/config}: +0ms
[Nest] 80880  - 06/25/2026, 9:48:28 PM     LOG [RouterExplorer] Mapped {/api/system/config/list, GET} route +0ms
[Nest] 80880  - 06/25/2026, 9:48:28 PM     LOG [RouterExplorer] Mapped {/api/system/config/key/:key, GET} route +0ms
[Nest] 80880  - 06/25/2026, 9:48:28 PM     LOG [RouterExplorer] Mapped {/api/system/config/:id, GET} route +0ms
[Nest] 80880  - 06/25/2026, 9:48:28 PM     LOG [RouterExplorer] Mapped {/api/system/config, POST} route +0ms
[Nest] 80880  - 06/25/2026, 9:48:28 PM     LOG [RouterExplorer] Mapped {/api/system/config, PUT} route +0ms
[Nest] 80880  - 06/25/2026, 9:48:28 PM     LOG [RouterExplorer] Mapped {/api/system/config/:id, DELETE} route +0ms
[Nest] 80880  - 06/25/2026, 9:48:28 PM     LOG [RouterExplorer] Mapped {/api/system/config/refresh, PUT} route +0ms
[Nest] 80880  - 06/25/2026, 9:48:28 PM     LOG [RoutesResolver] NoticeController {/api/system/notice}: +1ms
[Nest] 80880  - 06/25/2026, 9:48:28 PM     LOG [RouterExplorer] Mapped {/api/system/notice/list, GET} route +0ms
[Nest] 80880  - 06/25/2026, 9:48:28 PM     LOG [RouterExplorer] Mapped {/api/system/notice/:id, GET} route +0ms
[Nest] 80880  - 06/25/2026, 9:48:28 PM     LOG [RouterExplorer] Mapped {/api/system/notice, POST} route +0ms
[Nest] 80880  - 06/25/2026, 9:48:28 PM     LOG [RouterExplorer] Mapped {/api/system/notice, PUT} route +0ms
[Nest] 80880  - 06/25/2026, 9:48:28 PM     LOG [RouterExplorer] Mapped {/api/system/notice/:id, DELETE} route +0ms
[Nest] 80880  - 06/25/2026, 9:48:28 PM     LOG [RoutesResolver] LoginLogController {/api/monitor/login-log}: +0ms
[Nest] 80880  - 06/25/2026, 9:48:28 PM     LOG [RouterExplorer] Mapped {/api/monitor/login-log/list, GET} route +0ms
[Nest] 80880  - 06/25/2026, 9:48:28 PM     LOG [RouterExplorer] Mapped {/api/monitor/login-log/:id, GET} route +0ms
[Nest] 80880  - 06/25/2026, 9:48:28 PM     LOG [RouterExplorer] Mapped {/api/monitor/login-log/clean, DELETE} route +0ms
[Nest] 80880  - 06/25/2026, 9:48:28 PM     LOG [RoutesResolver] OperLogController {/api/monitor/oper-log}: +0ms
[Nest] 80880  - 06/25/2026, 9:48:28 PM     LOG [RouterExplorer] Mapped {/api/monitor/oper-log/list, GET} route +0ms
[Nest] 80880  - 06/25/2026, 9:48:28 PM     LOG [RouterExplorer] Mapped {/api/monitor/oper-log/:id, GET} route +0ms
[Nest] 80880  - 06/25/2026, 9:48:28 PM     LOG [RouterExplorer] Mapped {/api/monitor/oper-log/clean, DELETE} route +0ms
[Nest] 80880  - 06/25/2026, 9:48:28 PM     LOG [RoutesResolver] OnlineController {/api/monitor/online}: +0ms
[Nest] 80880  - 06/25/2026, 9:48:28 PM     LOG [RouterExplorer] Mapped {/api/monitor/online/list, GET} route +0ms
[Nest] 80880  - 06/25/2026, 9:48:28 PM     LOG [RouterExplorer] Mapped {/api/monitor/online/force-logout/:token, POST} route +0ms
[Nest] 80880  - 06/25/2026, 9:48:28 PM     LOG [RoutesResolver] ServerController {/api/monitor/server}: +0ms
[Nest] 80880  - 06/25/2026, 9:48:28 PM     LOG [RouterExplorer] Mapped {/api/monitor/server/info, GET} route +0ms
[Nest] 80880  - 06/25/2026, 9:48:28 PM     LOG [RoutesResolver] CacheController {/api/monitor/cache}: +0ms
[Nest] 80880  - 06/25/2026, 9:48:28 PM     LOG [RouterExplorer] Mapped {/api/monitor/cache/info, GET} route +0ms
[Nest] 80880  - 06/25/2026, 9:48:28 PM     LOG [RouterExplorer] Mapped {/api/monitor/cache/keys, GET} route +0ms
[Nest] 80880  - 06/25/2026, 9:48:28 PM     LOG [RouterExplorer] Mapped {/api/monitor/cache/value, GET} route +0ms
[Nest] 80880  - 06/25/2026, 9:48:28 PM     LOG [RouterExplorer] Mapped {/api/monitor/cache/clear, POST} route +0ms
[Nest] 80880  - 06/25/2026, 9:48:28 PM     LOG [RouterExplorer] Mapped {/api/monitor/cache/delete, POST} route +0ms
[Nest] 80880  - 06/25/2026, 9:48:28 PM     LOG [RoutesResolver] FileController {/api/file}: +0ms
[Nest] 80880  - 06/25/2026, 9:48:28 PM     LOG [RouterExplorer] Mapped {/api/file/config, GET} route +0ms
[Nest] 80880  - 06/25/2026, 9:48:28 PM     LOG [RouterExplorer] Mapped {/api/file/config, PUT} route +0ms
[Nest] 80880  - 06/25/2026, 9:48:28 PM     LOG [RouterExplorer] Mapped {/api/file/list, GET} route +0ms
[Nest] 80880  - 06/25/2026, 9:48:28 PM     LOG [RouterExplorer] Mapped {/api/file/detail/:id, GET} route +1ms
[Nest] 80880  - 06/25/2026, 9:48:28 PM     LOG [RouterExplorer] Mapped {/api/file/:id, DELETE} route +0ms
[Nest] 80880  - 06/25/2026, 9:48:28 PM     LOG [RouterExplorer] Mapped {/api/file/upload, POST} route +0ms
[Nest] 80880  - 06/25/2026, 9:48:28 PM     LOG [RouterExplorer] Mapped {/api/file/upload-image, POST} route +0ms
[Nest] 80880  - 06/25/2026, 9:48:28 PM     LOG [RouterExplorer] Mapped {/api/file/:filename, GET} route +0ms
[Nest] 80880  - 06/25/2026, 9:48:28 PM     LOG [RoutesResolver] GenController {/api/gen}: +0ms
[Nest] 80880  - 06/25/2026, 9:48:28 PM     LOG [RouterExplorer] Mapped {/api/gen/table/list, GET} route +0ms
[Nest] 80880  - 06/25/2026, 9:48:28 PM     LOG [RouterExplorer] Mapped {/api/gen/table/:id, GET} route +0ms
[Nest] 80880  - 06/25/2026, 9:48:28 PM     LOG [RouterExplorer] Mapped {/api/gen/table, POST} route +0ms
[Nest] 80880  - 06/25/2026, 9:48:28 PM     LOG [RouterExplorer] Mapped {/api/gen/table, PUT} route +0ms
[Nest] 80880  - 06/25/2026, 9:48:28 PM     LOG [RouterExplorer] Mapped {/api/gen/table/:id, DELETE} route +0ms
[Nest] 80880  - 06/25/2026, 9:48:28 PM     LOG [RouterExplorer] Mapped {/api/gen/column/:tableId, GET} route +0ms
[Nest] 80880  - 06/25/2026, 9:48:28 PM     LOG [RouterExplorer] Mapped {/api/gen/column/sync, POST} route +0ms
[Nest] 80880  - 06/25/2026, 9:48:28 PM     LOG [RouterExplorer] Mapped {/api/gen/generate, POST} route +0ms
[Nest] 80880  - 06/25/2026, 9:48:28 PM     LOG [RouterExplorer] Mapped {/api/gen/preview/:tableId, GET} route +0ms
[Redis] Connected successfully
[Nest] 80880  - 06/25/2026, 9:48:28 PM     LOG [PrismaService] Database connected
[Nest] 80880  - 06/25/2026, 9:48:28 PM     LOG [NestApplication] Nest application successfully started +1ms
🚀 Server running on http://localhost:3000
📚 API Docs: http://localhost:3000/api-docs
[2J[3J[H[[90m9:57:49 PM[0m] File change detected. Starting incremental compilation...

To restart at any time, enter rs.

[[90m9:57:49 PM[0m] Found 0 errors. Watching for file changes.

[Nest] 83485  - 06/25/2026, 9:57:50 PM     LOG [NestFactory] Starting Nest application...
[Nest] 83485  - 06/25/2026, 9:57:50 PM     LOG [InstanceLoader] CommonModule dependencies initialized +10ms
[Nest] 83485  - 06/25/2026, 9:57:50 PM     LOG [InstanceLoader] RedisModule dependencies initialized +0ms
[Nest] 83485  - 06/25/2026, 9:57:50 PM     LOG [InstanceLoader] PassportModule dependencies initialized +0ms
[Nest] 83485  - 06/25/2026, 9:57:50 PM     LOG [InstanceLoader] SystemModule dependencies initialized +0ms
[Nest] 83485  - 06/25/2026, 9:57:50 PM     LOG [InstanceLoader] MonitorModule dependencies initialized +0ms
[Nest] 83485  - 06/25/2026, 9:57:50 PM     LOG [InstanceLoader] ConfigHostModule dependencies initialized +23ms
[Nest] 83485  - 06/25/2026, 9:57:50 PM     LOG [InstanceLoader] ThrottlerModule dependencies initialized +1ms
[Nest] 83485  - 06/25/2026, 9:57:50 PM     LOG [InstanceLoader] DiscoveryModule dependencies initialized +0ms
[Nest] 83485  - 06/25/2026, 9:57:50 PM     LOG [InstanceLoader] ConfigModule dependencies initialized +1ms
[Nest] 83485  - 06/25/2026, 9:57:50 PM     LOG [InstanceLoader] ConfigModule dependencies initialized +0ms
[Nest] 83485  - 06/25/2026, 9:57:50 PM     LOG [InstanceLoader] AppModule dependencies initialized +0ms
[Nest] 83485  - 06/25/2026, 9:57:50 PM     LOG [InstanceLoader] ScheduleModule dependencies initialized +0ms
[Nest] 83485  - 06/25/2026, 9:57:50 PM     LOG [InstanceLoader] JwtModule dependencies initialized +1ms
[Nest] 83485  - 06/25/2026, 9:57:50 PM     LOG [InstanceLoader] ServerModule dependencies initialized +0ms
[Nest] 83485  - 06/25/2026, 9:57:50 PM     LOG [InstanceLoader] UserModule dependencies initialized +0ms
[Nest] 83485  - 06/25/2026, 9:57:50 PM     LOG [InstanceLoader] RoleModule dependencies initialized +0ms
[Nest] 83485  - 06/25/2026, 9:57:50 PM     LOG [InstanceLoader] DeptModule dependencies initialized +0ms
[Nest] 83485  - 06/25/2026, 9:57:50 PM     LOG [InstanceLoader] MenuModule dependencies initialized +0ms
[Nest] 83485  - 06/25/2026, 9:57:50 PM     LOG [InstanceLoader] PostModule dependencies initialized +0ms
[Nest] 83485  - 06/25/2026, 9:57:50 PM     LOG [InstanceLoader] DictModule dependencies initialized +0ms
[Nest] 83485  - 06/25/2026, 9:57:50 PM     LOG [InstanceLoader] ConfigModule dependencies initialized +0ms
[Nest] 83485  - 06/25/2026, 9:57:50 PM     LOG [InstanceLoader] NoticeModule dependencies initialized +0ms
[Nest] 83485  - 06/25/2026, 9:57:50 PM     LOG [InstanceLoader] LoginLogModule dependencies initialized +0ms
[Nest] 83485  - 06/25/2026, 9:57:50 PM     LOG [InstanceLoader] OperLogModule dependencies initialized +0ms
[Nest] 83485  - 06/25/2026, 9:57:50 PM     LOG [InstanceLoader] OnlineModule dependencies initialized +0ms
[Nest] 83485  - 06/25/2026, 9:57:50 PM     LOG [InstanceLoader] CacheModule dependencies initialized +0ms
[Nest] 83485  - 06/25/2026, 9:57:50 PM     LOG [InstanceLoader] FileModule dependencies initialized +0ms
[Nest] 83485  - 06/25/2026, 9:57:50 PM     LOG [InstanceLoader] GenModule dependencies initialized +0ms
[Nest] 83485  - 06/25/2026, 9:57:50 PM     LOG [InstanceLoader] AuthModule dependencies initialized +0ms
[Nest] 83485  - 06/25/2026, 9:57:50 PM     LOG [RoutesResolver] AuthController {/api/auth}: +20ms
[Nest] 83485  - 06/25/2026, 9:57:50 PM     LOG [RouterExplorer] Mapped {/api/auth/login, POST} route +1ms
[Nest] 83485  - 06/25/2026, 9:57:50 PM     LOG [RouterExplorer] Mapped {/api/auth/register, POST} route +0ms
[Nest] 83485  - 06/25/2026, 9:57:50 PM     LOG [RouterExplorer] Mapped {/api/auth/captcha, GET} route +0ms
[Nest] 83485  - 06/25/2026, 9:57:50 PM     LOG [RouterExplorer] Mapped {/api/auth/captcha/validate, POST} route +0ms
[Nest] 83485  - 06/25/2026, 9:57:50 PM     LOG [RouterExplorer] Mapped {/api/auth/logout, POST} route +1ms
[Nest] 83485  - 06/25/2026, 9:57:50 PM     LOG [RouterExplorer] Mapped {/api/auth/user/info, GET} route +0ms
[Nest] 83485  - 06/25/2026, 9:57:50 PM     LOG [RouterExplorer] Mapped {/api/auth/online/users, GET} route +0ms
[Nest] 83485  - 06/25/2026, 9:57:50 PM     LOG [RouterExplorer] Mapped {/api/auth/profile, GET} route +0ms
[Nest] 83485  - 06/25/2026, 9:57:50 PM     LOG [RouterExplorer] Mapped {/api/auth/profile, PUT} route +0ms
[Nest] 83485  - 06/25/2026, 9:57:50 PM     LOG [RouterExplorer] Mapped {/api/auth/profile/password, PUT} route +0ms
[Nest] 83485  - 06/25/2026, 9:57:50 PM     LOG [RoutesResolver] UserController {/api/system/user}: +0ms
[Nest] 83485  - 06/25/2026, 9:57:50 PM     LOG [RouterExplorer] Mapped {/api/system/user/list, GET} route +1ms
[Nest] 83485  - 06/25/2026, 9:57:50 PM     LOG [RouterExplorer] Mapped {/api/system/user/:id, GET} route +0ms
[Nest] 83485  - 06/25/2026, 9:57:50 PM     LOG [RouterExplorer] Mapped {/api/system/user, POST} route +0ms
[Nest] 83485  - 06/25/2026, 9:57:50 PM     LOG [RouterExplorer] Mapped {/api/system/user, PUT} route +0ms
[Nest] 83485  - 06/25/2026, 9:57:50 PM     LOG [RouterExplorer] Mapped {/api/system/user/:id, DELETE} route +0ms
[Nest] 83485  - 06/25/2026, 9:57:50 PM     LOG [RouterExplorer] Mapped {/api/system/user/reset-password/:id, PUT} route +0ms
[Nest] 83485  - 06/25/2026, 9:57:50 PM     LOG [RouterExplorer] Mapped {/api/system/user/change-status/:id, PUT} route +0ms
[Nest] 83485  - 06/25/2026, 9:57:50 PM     LOG [RouterExplorer] Mapped {/api/system/user/assign-roles/:id, PUT} route +1ms
[Nest] 83485  - 06/25/2026, 9:57:50 PM     LOG [RoutesResolver] RoleController {/api/system/role}: +0ms
[Nest] 83485  - 06/25/2026, 9:57:50 PM     LOG [RouterExplorer] Mapped {/api/system/role/list, GET} route +0ms
[Nest] 83485  - 06/25/2026, 9:57:50 PM     LOG [RouterExplorer] Mapped {/api/system/role, POST} route +0ms
[Nest] 83485  - 06/25/2026, 9:57:50 PM     LOG [RouterExplorer] Mapped {/api/system/role, PUT} route +0ms
[Nest] 83485  - 06/25/2026, 9:57:50 PM     LOG [RouterExplorer] Mapped {/api/system/role/:id, DELETE} route +0ms
[Nest] 83485  - 06/25/2026, 9:57:50 PM     LOG [RouterExplorer] Mapped {/api/system/role/change-status/:id, PUT} route +0ms
[Nest] 83485  - 06/25/2026, 9:57:50 PM     LOG [RouterExplorer] Mapped {/api/system/role/assign-permissions/:id, PUT} route +0ms
[Nest] 83485  - 06/25/2026, 9:57:50 PM     LOG [RouterExplorer] Mapped {/api/system/role/menu/:id, GET} route +0ms
[Nest] 83485  - 06/25/2026, 9:57:50 PM     LOG [RouterExplorer] Mapped {/api/system/role/:id, GET} route +0ms
[Nest] 83485  - 06/25/2026, 9:57:50 PM     LOG [RoutesResolver] DeptController {/api/system/dept}: +0ms
[Nest] 83485  - 06/25/2026, 9:57:50 PM     LOG [RouterExplorer] Mapped {/api/system/dept/list, GET} route +0ms
[Nest] 83485  - 06/25/2026, 9:57:50 PM     LOG [RouterExplorer] Mapped {/api/system/dept/tree, GET} route +0ms
[Nest] 83485  - 06/25/2026, 9:57:50 PM     LOG [RouterExplorer] Mapped {/api/system/dept/:id, GET} route +0ms
[Nest] 83485  - 06/25/2026, 9:57:50 PM     LOG [RouterExplorer] Mapped {/api/system/dept, POST} route +0ms
[Nest] 83485  - 06/25/2026, 9:57:50 PM     LOG [RouterExplorer] Mapped {/api/system/dept, PUT} route +0ms
[Nest] 83485  - 06/25/2026, 9:57:50 PM     LOG [RouterExplorer] Mapped {/api/system/dept/:id, DELETE} route +0ms
[Nest] 83485  - 06/25/2026, 9:57:50 PM     LOG [RoutesResolver] MenuController {/api/system/menu}: +0ms
[Nest] 83485  - 06/25/2026, 9:57:50 PM     LOG [RouterExplorer] Mapped {/api/system/menu/list, GET} route +0ms
[Nest] 83485  - 06/25/2026, 9:57:50 PM     LOG [RouterExplorer] Mapped {/api/system/menu/tree, GET} route +0ms
[Nest] 83485  - 06/25/2026, 9:57:50 PM     LOG [RouterExplorer] Mapped {/api/system/menu/build-route, GET} route +1ms
[Nest] 83485  - 06/25/2026, 9:57:50 PM     LOG [RouterExplorer] Mapped {/api/system/menu/:id, GET} route +0ms
[Nest] 83485  - 06/25/2026, 9:57:50 PM     LOG [RouterExplorer] Mapped {/api/system/menu, POST} route +0ms
[Nest] 83485  - 06/25/2026, 9:57:50 PM     LOG [RouterExplorer] Mapped {/api/system/menu, PUT} route +0ms
[Nest] 83485  - 06/25/2026, 9:57:50 PM     LOG [RouterExplorer] Mapped {/api/system/menu/:id, DELETE} route +0ms
[Nest] 83485  - 06/25/2026, 9:57:50 PM     LOG [RoutesResolver] PostController {/api/system/post}: +0ms
[Nest] 83485  - 06/25/2026, 9:57:50 PM     LOG [RouterExplorer] Mapped {/api/system/post/list, GET} route +0ms
[Nest] 83485  - 06/25/2026, 9:57:50 PM     LOG [RouterExplorer] Mapped {/api/system/post/:id, GET} route +0ms
[Nest] 83485  - 06/25/2026, 9:57:50 PM     LOG [RouterExplorer] Mapped {/api/system/post, POST} route +0ms
[Nest] 83485  - 06/25/2026, 9:57:50 PM     LOG [RouterExplorer] Mapped {/api/system/post, PUT} route +0ms
[Nest] 83485  - 06/25/2026, 9:57:50 PM     LOG [RouterExplorer] Mapped {/api/system/post/:id, DELETE} route +0ms
[Nest] 83485  - 06/25/2026, 9:57:50 PM     LOG [RoutesResolver] DictController {/api/system/dict}: +0ms
[Nest] 83485  - 06/25/2026, 9:57:50 PM     LOG [RouterExplorer] Mapped {/api/system/dict/type/list, GET} route +0ms
[Nest] 83485  - 06/25/2026, 9:57:50 PM     LOG [RouterExplorer] Mapped {/api/system/dict/type/:id, GET} route +0ms
[Nest] 83485  - 06/25/2026, 9:57:50 PM     LOG [RouterExplorer] Mapped {/api/system/dict/type, POST} route +0ms
[Nest] 83485  - 06/25/2026, 9:57:50 PM     LOG [RouterExplorer] Mapped {/api/system/dict/type, PUT} route +0ms
[Nest] 83485  - 06/25/2026, 9:57:50 PM     LOG [RouterExplorer] Mapped {/api/system/dict/type/:id, DELETE} route +0ms
[Nest] 83485  - 06/25/2026, 9:57:50 PM     LOG [RouterExplorer] Mapped {/api/system/dict/data/list, GET} route +0ms
[Nest] 83485  - 06/25/2026, 9:57:50 PM     LOG [RouterExplorer] Mapped {/api/system/dict/data, POST} route +0ms
[Nest] 83485  - 06/25/2026, 9:57:50 PM     LOG [RouterExplorer] Mapped {/api/system/dict/data, PUT} route +0ms
[Nest] 83485  - 06/25/2026, 9:57:50 PM     LOG [RouterExplorer] Mapped {/api/system/dict/data/:id, DELETE} route +0ms
[Nest] 83485  - 06/25/2026, 9:57:50 PM     LOG [RoutesResolver] ConfigController {/api/system/config}: +0ms
[Nest] 83485  - 06/25/2026, 9:57:50 PM     LOG [RouterExplorer] Mapped {/api/system/config/list, GET} route +1ms
[Nest] 83485  - 06/25/2026, 9:57:50 PM     LOG [RouterExplorer] Mapped {/api/system/config/key/:key, GET} route +0ms
[Nest] 83485  - 06/25/2026, 9:57:50 PM     LOG [RouterExplorer] Mapped {/api/system/config/:id, GET} route +0ms
[Nest] 83485  - 06/25/2026, 9:57:50 PM     LOG [RouterExplorer] Mapped {/api/system/config, POST} route +0ms
[Nest] 83485  - 06/25/2026, 9:57:50 PM     LOG [RouterExplorer] Mapped {/api/system/config, PUT} route +0ms
[Nest] 83485  - 06/25/2026, 9:57:50 PM     LOG [RouterExplorer] Mapped {/api/system/config/:id, DELETE} route +0ms
[Nest] 83485  - 06/25/2026, 9:57:50 PM     LOG [RouterExplorer] Mapped {/api/system/config/refresh, PUT} route +0ms
[Nest] 83485  - 06/25/2026, 9:57:50 PM     LOG [RoutesResolver] NoticeController {/api/system/notice}: +0ms
[Nest] 83485  - 06/25/2026, 9:57:50 PM     LOG [RouterExplorer] Mapped {/api/system/notice/list, GET} route +0ms
[Nest] 83485  - 06/25/2026, 9:57:50 PM     LOG [RouterExplorer] Mapped {/api/system/notice/:id, GET} route +0ms
[Nest] 83485  - 06/25/2026, 9:57:50 PM     LOG [RouterExplorer] Mapped {/api/system/notice, POST} route +0ms
[Nest] 83485  - 06/25/2026, 9:57:50 PM     LOG [RouterExplorer] Mapped {/api/system/notice, PUT} route +0ms
[Nest] 83485  - 06/25/2026, 9:57:50 PM     LOG [RouterExplorer] Mapped {/api/system/notice/:id, DELETE} route +0ms
[Nest] 83485  - 06/25/2026, 9:57:50 PM     LOG [RoutesResolver] LoginLogController {/api/monitor/login-log}: +0ms
[Nest] 83485  - 06/25/2026, 9:57:50 PM     LOG [RouterExplorer] Mapped {/api/monitor/login-log/list, GET} route +0ms
[Nest] 83485  - 06/25/2026, 9:57:50 PM     LOG [RouterExplorer] Mapped {/api/monitor/login-log/:id, GET} route +0ms
[Nest] 83485  - 06/25/2026, 9:57:50 PM     LOG [RouterExplorer] Mapped {/api/monitor/login-log/clean, DELETE} route +0ms
[Nest] 83485  - 06/25/2026, 9:57:50 PM     LOG [RoutesResolver] OperLogController {/api/monitor/oper-log}: +0ms
[Nest] 83485  - 06/25/2026, 9:57:50 PM     LOG [RouterExplorer] Mapped {/api/monitor/oper-log/list, GET} route +0ms
[Nest] 83485  - 06/25/2026, 9:57:50 PM     LOG [RouterExplorer] Mapped {/api/monitor/oper-log/:id, GET} route +0ms
[Nest] 83485  - 06/25/2026, 9:57:50 PM     LOG [RouterExplorer] Mapped {/api/monitor/oper-log/clean, DELETE} route +0ms
[Nest] 83485  - 06/25/2026, 9:57:50 PM     LOG [RoutesResolver] OnlineController {/api/monitor/online}: +0ms
[Nest] 83485  - 06/25/2026, 9:57:50 PM     LOG [RouterExplorer] Mapped {/api/monitor/online/list, GET} route +1ms
[Nest] 83485  - 06/25/2026, 9:57:50 PM     LOG [RouterExplorer] Mapped {/api/monitor/online/force-logout/:token, POST} route +0ms
[Nest] 83485  - 06/25/2026, 9:57:50 PM     LOG [RoutesResolver] ServerController {/api/monitor/server}: +0ms
[Nest] 83485  - 06/25/2026, 9:57:50 PM     LOG [RouterExplorer] Mapped {/api/monitor/server/info, GET} route +0ms
[Nest] 83485  - 06/25/2026, 9:57:50 PM     LOG [RoutesResolver] CacheController {/api/monitor/cache}: +0ms
[Nest] 83485  - 06/25/2026, 9:57:50 PM     LOG [RouterExplorer] Mapped {/api/monitor/cache/info, GET} route +0ms
[Nest] 83485  - 06/25/2026, 9:57:50 PM     LOG [RouterExplorer] Mapped {/api/monitor/cache/keys, GET} route +0ms
[Nest] 83485  - 06/25/2026, 9:57:50 PM     LOG [RouterExplorer] Mapped {/api/monitor/cache/value, GET} route +0ms
[Nest] 83485  - 06/25/2026, 9:57:50 PM     LOG [RouterExplorer] Mapped {/api/monitor/cache/clear, POST} route +0ms
[Nest] 83485  - 06/25/2026, 9:57:50 PM     LOG [RouterExplorer] Mapped {/api/monitor/cache/delete, POST} route +0ms
[Nest] 83485  - 06/25/2026, 9:57:50 PM     LOG [RoutesResolver] FileController {/api/file}: +0ms
[Nest] 83485  - 06/25/2026, 9:57:50 PM     LOG [RouterExplorer] Mapped {/api/file/config, GET} route +0ms
[Nest] 83485  - 06/25/2026, 9:57:50 PM     LOG [RouterExplorer] Mapped {/api/file/config, PUT} route +0ms
[Nest] 83485  - 06/25/2026, 9:57:50 PM     LOG [RouterExplorer] Mapped {/api/file/list, GET} route +0ms
[Nest] 83485  - 06/25/2026, 9:57:50 PM     LOG [RouterExplorer] Mapped {/api/file/detail/:id, GET} route +0ms
[Nest] 83485  - 06/25/2026, 9:57:50 PM     LOG [RouterExplorer] Mapped {/api/file/:id, DELETE} route +0ms
[Nest] 83485  - 06/25/2026, 9:57:50 PM     LOG [RouterExplorer] Mapped {/api/file/upload, POST} route +0ms
[Nest] 83485  - 06/25/2026, 9:57:50 PM     LOG [RouterExplorer] Mapped {/api/file/upload-image, POST} route +0ms
[Nest] 83485  - 06/25/2026, 9:57:50 PM     LOG [RouterExplorer] Mapped {/api/file/:filename, GET} route +0ms
[Nest] 83485  - 06/25/2026, 9:57:50 PM     LOG [RoutesResolver] GenController {/api/gen}: +0ms
[Nest] 83485  - 06/25/2026, 9:57:50 PM     LOG [RouterExplorer] Mapped {/api/gen/table/list, GET} route +0ms
[Nest] 83485  - 06/25/2026, 9:57:50 PM     LOG [RouterExplorer] Mapped {/api/gen/table/:id, GET} route +0ms
[Nest] 83485  - 06/25/2026, 9:57:50 PM     LOG [RouterExplorer] Mapped {/api/gen/table, POST} route +1ms
[Nest] 83485  - 06/25/2026, 9:57:50 PM     LOG [RouterExplorer] Mapped {/api/gen/table, PUT} route +0ms
[Nest] 83485  - 06/25/2026, 9:57:50 PM     LOG [RouterExplorer] Mapped {/api/gen/table/:id, DELETE} route +0ms
[Nest] 83485  - 06/25/2026, 9:57:50 PM     LOG [RouterExplorer] Mapped {/api/gen/column/:tableId, GET} route +0ms
[Nest] 83485  - 06/25/2026, 9:57:50 PM     LOG [RouterExplorer] Mapped {/api/gen/column/sync, POST} route +0ms
[Nest] 83485  - 06/25/2026, 9:57:50 PM     LOG [RouterExplorer] Mapped {/api/gen/generate, POST} route +0ms
[Nest] 83485  - 06/25/2026, 9:57:50 PM     LOG [RouterExplorer] Mapped {/api/gen/preview/:tableId, GET} route +1ms
[Redis] Connected successfully
[Nest] 83485  - 06/25/2026, 9:57:50 PM     LOG [PrismaService] Database connected
[Nest] 83485  - 06/25/2026, 9:57:50 PM     LOG [NestApplication] Nest application successfully started +2ms
[Nest] 83485  - 06/25/2026, 9:57:50 PM   ERROR [NestApplication] Error: listen EADDRINUSE: address already in use :::3000 +0ms
node:net:2008
    const ex = new UVExceptionWithHostPort(err, 'listen', address, port);
               ^

Error: listen EADDRINUSE: address already in use :::3000
    at Server.setupListenHandle [as _listen2] (node:net:2008:16)
    at listenInCluster (node:net:2065:12)
    at Server.listen (node:net:2170:7)
    at ExpressAdapter.listen (/Users/karl/code/Nest-Admin-Pro/apps/backend/node_modules/@nestjs/platform-express/adapters/express-adapter.js:115:32)
    at /Users/karl/code/Nest-Admin-Pro/apps/backend/node_modules/@nestjs/core/nest-application.js:190:30
    at new Promise (<anonymous>)
    at NestApplication.listen (/Users/karl/code/Nest-Admin-Pro/apps/backend/node_modules/@nestjs/core/nest-application.js:180:16)
    at async bootstrap (/Users/karl/code/Nest-Admin-Pro/apps/backend/src/main.ts:43:3) {
  code: 'EADDRINUSE',
  errno: -48,
  syscall: 'listen',
  address: '::',
  port: 3000
}

Node.js v24.15.0
[2J[3J[H[[90m10:00:08 PM[0m] File change detected. Starting incremental compilation...

To restart at any time, enter rs.

[[90m10:00:08 PM[0m] Found 0 errors. Watching for file changes.

[Nest] 85795  - 06/25/2026, 10:00:10 PM     LOG [NestFactory] Starting Nest application...
[Nest] 85795  - 06/25/2026, 10:00:10 PM     LOG [InstanceLoader] CommonModule dependencies initialized +13ms
[Nest] 85795  - 06/25/2026, 10:00:10 PM     LOG [InstanceLoader] RedisModule dependencies initialized +0ms
[Nest] 85795  - 06/25/2026, 10:00:10 PM     LOG [InstanceLoader] PassportModule dependencies initialized +0ms
[Nest] 85795  - 06/25/2026, 10:00:10 PM     LOG [InstanceLoader] SystemModule dependencies initialized +1ms
[Nest] 85795  - 06/25/2026, 10:00:10 PM     LOG [InstanceLoader] MonitorModule dependencies initialized +0ms
[Nest] 85795  - 06/25/2026, 10:00:10 PM     LOG [InstanceLoader] ConfigHostModule dependencies initialized +4ms
[Nest] 85795  - 06/25/2026, 10:00:10 PM     LOG [InstanceLoader] ThrottlerModule dependencies initialized +0ms
[Nest] 85795  - 06/25/2026, 10:00:10 PM     LOG [InstanceLoader] DiscoveryModule dependencies initialized +0ms
[Nest] 85795  - 06/25/2026, 10:00:10 PM     LOG [InstanceLoader] ConfigModule dependencies initialized +1ms
[Nest] 85795  - 06/25/2026, 10:00:10 PM     LOG [InstanceLoader] ConfigModule dependencies initialized +0ms
[Nest] 85795  - 06/25/2026, 10:00:10 PM     LOG [InstanceLoader] AppModule dependencies initialized +0ms
[Nest] 85795  - 06/25/2026, 10:00:10 PM     LOG [InstanceLoader] ScheduleModule dependencies initialized +0ms
[Nest] 85795  - 06/25/2026, 10:00:10 PM     LOG [InstanceLoader] JwtModule dependencies initialized +0ms
[Nest] 85795  - 06/25/2026, 10:00:10 PM     LOG [InstanceLoader] ServerModule dependencies initialized +1ms
[Nest] 85795  - 06/25/2026, 10:00:10 PM     LOG [InstanceLoader] UserModule dependencies initialized +0ms
[Nest] 85795  - 06/25/2026, 10:00:10 PM     LOG [InstanceLoader] RoleModule dependencies initialized +0ms
[Nest] 85795  - 06/25/2026, 10:00:10 PM     LOG [InstanceLoader] DeptModule dependencies initialized +0ms
[Nest] 85795  - 06/25/2026, 10:00:10 PM     LOG [InstanceLoader] MenuModule dependencies initialized +0ms
[Nest] 85795  - 06/25/2026, 10:00:10 PM     LOG [InstanceLoader] PostModule dependencies initialized +0ms
[Nest] 85795  - 06/25/2026, 10:00:10 PM     LOG [InstanceLoader] DictModule dependencies initialized +0ms
[Nest] 85795  - 06/25/2026, 10:00:10 PM     LOG [InstanceLoader] ConfigModule dependencies initialized +0ms
[Nest] 85795  - 06/25/2026, 10:00:10 PM     LOG [InstanceLoader] NoticeModule dependencies initialized +0ms
[Nest] 85795  - 06/25/2026, 10:00:10 PM     LOG [InstanceLoader] LoginLogModule dependencies initialized +0ms
[Nest] 85795  - 06/25/2026, 10:00:10 PM     LOG [InstanceLoader] OperLogModule dependencies initialized +0ms
[Nest] 85795  - 06/25/2026, 10:00:10 PM     LOG [InstanceLoader] OnlineModule dependencies initialized +0ms
[Nest] 85795  - 06/25/2026, 10:00:10 PM     LOG [InstanceLoader] CacheModule dependencies initialized +0ms
[Nest] 85795  - 06/25/2026, 10:00:10 PM     LOG [InstanceLoader] FileModule dependencies initialized +0ms
[Nest] 85795  - 06/25/2026, 10:00:10 PM     LOG [InstanceLoader] GenModule dependencies initialized +0ms
[Nest] 85795  - 06/25/2026, 10:00:10 PM     LOG [InstanceLoader] AuthModule dependencies initialized +0ms
[Nest] 85795  - 06/25/2026, 10:00:10 PM     LOG [RoutesResolver] AuthController {/api/auth}: +29ms
[Nest] 85795  - 06/25/2026, 10:00:10 PM     LOG [RouterExplorer] Mapped {/api/auth/login, POST} route +1ms
[Nest] 85795  - 06/25/2026, 10:00:10 PM     LOG [RouterExplorer] Mapped {/api/auth/register, POST} route +0ms
[Nest] 85795  - 06/25/2026, 10:00:10 PM     LOG [RouterExplorer] Mapped {/api/auth/captcha, GET} route +0ms
[Nest] 85795  - 06/25/2026, 10:00:10 PM     LOG [RouterExplorer] Mapped {/api/auth/captcha/validate, POST} route +0ms
[Nest] 85795  - 06/25/2026, 10:00:10 PM     LOG [RouterExplorer] Mapped {/api/auth/logout, POST} route +0ms
[Nest] 85795  - 06/25/2026, 10:00:10 PM     LOG [RouterExplorer] Mapped {/api/auth/user/info, GET} route +0ms
[Nest] 85795  - 06/25/2026, 10:00:10 PM     LOG [RouterExplorer] Mapped {/api/auth/online/users, GET} route +1ms
[Nest] 85795  - 06/25/2026, 10:00:10 PM     LOG [RouterExplorer] Mapped {/api/auth/profile, GET} route +0ms
[Nest] 85795  - 06/25/2026, 10:00:10 PM     LOG [RouterExplorer] Mapped {/api/auth/profile, PUT} route +0ms
[Nest] 85795  - 06/25/2026, 10:00:10 PM     LOG [RouterExplorer] Mapped {/api/auth/profile/password, PUT} route +0ms
[Nest] 85795  - 06/25/2026, 10:00:10 PM     LOG [RoutesResolver] UserController {/api/system/user}: +0ms
[Nest] 85795  - 06/25/2026, 10:00:10 PM     LOG [RouterExplorer] Mapped {/api/system/user/list, GET} route +0ms
[Nest] 85795  - 06/25/2026, 10:00:10 PM     LOG [RouterExplorer] Mapped {/api/system/user/:id, GET} route +0ms
[Nest] 85795  - 06/25/2026, 10:00:10 PM     LOG [RouterExplorer] Mapped {/api/system/user, POST} route +0ms
[Nest] 85795  - 06/25/2026, 10:00:10 PM     LOG [RouterExplorer] Mapped {/api/system/user, PUT} route +0ms
[Nest] 85795  - 06/25/2026, 10:00:10 PM     LOG [RouterExplorer] Mapped {/api/system/user/:id, DELETE} route +0ms
[Nest] 85795  - 06/25/2026, 10:00:10 PM     LOG [RouterExplorer] Mapped {/api/system/user/reset-password/:id, PUT} route +0ms
[Nest] 85795  - 06/25/2026, 10:00:10 PM     LOG [RouterExplorer] Mapped {/api/system/user/change-status/:id, PUT} route +1ms
[Nest] 85795  - 06/25/2026, 10:00:10 PM     LOG [RouterExplorer] Mapped {/api/system/user/assign-roles/:id, PUT} route +0ms
[Nest] 85795  - 06/25/2026, 10:00:10 PM     LOG [RoutesResolver] RoleController {/api/system/role}: +0ms
[Nest] 85795  - 06/25/2026, 10:00:10 PM     LOG [RouterExplorer] Mapped {/api/system/role/list, GET} route +0ms
[Nest] 85795  - 06/25/2026, 10:00:10 PM     LOG [RouterExplorer] Mapped {/api/system/role, POST} route +0ms
[Nest] 85795  - 06/25/2026, 10:00:10 PM     LOG [RouterExplorer] Mapped {/api/system/role, PUT} route +0ms
[Nest] 85795  - 06/25/2026, 10:00:10 PM     LOG [RouterExplorer] Mapped {/api/system/role/:id, DELETE} route +0ms
[Nest] 85795  - 06/25/2026, 10:00:10 PM     LOG [RouterExplorer] Mapped {/api/system/role/change-status/:id, PUT} route +0ms
[Nest] 85795  - 06/25/2026, 10:00:10 PM     LOG [RouterExplorer] Mapped {/api/system/role/assign-permissions/:id, PUT} route +0ms
[Nest] 85795  - 06/25/2026, 10:00:10 PM     LOG [RouterExplorer] Mapped {/api/system/role/menu/:id, GET} route +0ms
[Nest] 85795  - 06/25/2026, 10:00:10 PM     LOG [RouterExplorer] Mapped {/api/system/role/:id, GET} route +0ms
[Nest] 85795  - 06/25/2026, 10:00:10 PM     LOG [RoutesResolver] DeptController {/api/system/dept}: +0ms
[Nest] 85795  - 06/25/2026, 10:00:10 PM     LOG [RouterExplorer] Mapped {/api/system/dept/list, GET} route +0ms
[Nest] 85795  - 06/25/2026, 10:00:10 PM     LOG [RouterExplorer] Mapped {/api/system/dept/tree, GET} route +0ms
[Nest] 85795  - 06/25/2026, 10:00:10 PM     LOG [RouterExplorer] Mapped {/api/system/dept/:id, GET} route +0ms
[Nest] 85795  - 06/25/2026, 10:00:10 PM     LOG [RouterExplorer] Mapped {/api/system/dept, POST} route +0ms
[Nest] 85795  - 06/25/2026, 10:00:10 PM     LOG [RouterExplorer] Mapped {/api/system/dept, PUT} route +0ms
[Nest] 85795  - 06/25/2026, 10:00:10 PM     LOG [RouterExplorer] Mapped {/api/system/dept/:id, DELETE} route +0ms
[Nest] 85795  - 06/25/2026, 10:00:10 PM     LOG [RoutesResolver] MenuController {/api/system/menu}: +0ms
[Nest] 85795  - 06/25/2026, 10:00:10 PM     LOG [RouterExplorer] Mapped {/api/system/menu/list, GET} route +0ms
[Nest] 85795  - 06/25/2026, 10:00:10 PM     LOG [RouterExplorer] Mapped {/api/system/menu/tree, GET} route +0ms
[Nest] 85795  - 06/25/2026, 10:00:10 PM     LOG [RouterExplorer] Mapped {/api/system/menu/build-route, GET} route +1ms
[Nest] 85795  - 06/25/2026, 10:00:10 PM     LOG [RouterExplorer] Mapped {/api/system/menu/:id, GET} route +0ms
[Nest] 85795  - 06/25/2026, 10:00:10 PM     LOG [RouterExplorer] Mapped {/api/system/menu, POST} route +0ms
[Nest] 85795  - 06/25/2026, 10:00:10 PM     LOG [RouterExplorer] Mapped {/api/system/menu, PUT} route +0ms
[Nest] 85795  - 06/25/2026, 10:00:10 PM     LOG [RouterExplorer] Mapped {/api/system/menu/:id, DELETE} route +0ms
[Nest] 85795  - 06/25/2026, 10:00:10 PM     LOG [RoutesResolver] PostController {/api/system/post}: +0ms
[Nest] 85795  - 06/25/2026, 10:00:10 PM     LOG [RouterExplorer] Mapped {/api/system/post/list, GET} route +0ms
[Nest] 85795  - 06/25/2026, 10:00:10 PM     LOG [RouterExplorer] Mapped {/api/system/post/:id, GET} route +0ms
[Nest] 85795  - 06/25/2026, 10:00:10 PM     LOG [RouterExplorer] Mapped {/api/system/post, POST} route +0ms
[Nest] 85795  - 06/25/2026, 10:00:10 PM     LOG [RouterExplorer] Mapped {/api/system/post, PUT} route +0ms
[Nest] 85795  - 06/25/2026, 10:00:10 PM     LOG [RouterExplorer] Mapped {/api/system/post/:id, DELETE} route +0ms
[Nest] 85795  - 06/25/2026, 10:00:10 PM     LOG [RoutesResolver] DictController {/api/system/dict}: +0ms
[Nest] 85795  - 06/25/2026, 10:00:10 PM     LOG [RouterExplorer] Mapped {/api/system/dict/type/list, GET} route +0ms
[Nest] 85795  - 06/25/2026, 10:00:10 PM     LOG [RouterExplorer] Mapped {/api/system/dict/type/:id, GET} route +0ms
[Nest] 85795  - 06/25/2026, 10:00:10 PM     LOG [RouterExplorer] Mapped {/api/system/dict/type, POST} route +0ms
[Nest] 85795  - 06/25/2026, 10:00:10 PM     LOG [RouterExplorer] Mapped {/api/system/dict/type, PUT} route +0ms
[Nest] 85795  - 06/25/2026, 10:00:10 PM     LOG [RouterExplorer] Mapped {/api/system/dict/type/:id, DELETE} route +0ms
[Nest] 85795  - 06/25/2026, 10:00:10 PM     LOG [RouterExplorer] Mapped {/api/system/dict/data/list, GET} route +0ms
[Nest] 85795  - 06/25/2026, 10:00:10 PM     LOG [RouterExplorer] Mapped {/api/system/dict/data, POST} route +0ms
[Nest] 85795  - 06/25/2026, 10:00:10 PM     LOG [RouterExplorer] Mapped {/api/system/dict/data, PUT} route +0ms
[Nest] 85795  - 06/25/2026, 10:00:10 PM     LOG [RouterExplorer] Mapped {/api/system/dict/data/:id, DELETE} route +0ms
[Nest] 85795  - 06/25/2026, 10:00:10 PM     LOG [RoutesResolver] ConfigController {/api/system/config}: +0ms
[Nest] 85795  - 06/25/2026, 10:00:10 PM     LOG [RouterExplorer] Mapped {/api/system/config/list, GET} route +0ms
[Nest] 85795  - 06/25/2026, 10:00:10 PM     LOG [RouterExplorer] Mapped {/api/system/config/key/:key, GET} route +0ms
[Nest] 85795  - 06/25/2026, 10:00:10 PM     LOG [RouterExplorer] Mapped {/api/system/config/:id, GET} route +0ms
[Nest] 85795  - 06/25/2026, 10:00:10 PM     LOG [RouterExplorer] Mapped {/api/system/config, POST} route +0ms
[Nest] 85795  - 06/25/2026, 10:00:10 PM     LOG [RouterExplorer] Mapped {/api/system/config, PUT} route +0ms
[Nest] 85795  - 06/25/2026, 10:00:10 PM     LOG [RouterExplorer] Mapped {/api/system/config/:id, DELETE} route +0ms
[Nest] 85795  - 06/25/2026, 10:00:10 PM     LOG [RouterExplorer] Mapped {/api/system/config/refresh, PUT} route +0ms
[Nest] 85795  - 06/25/2026, 10:00:10 PM     LOG [RoutesResolver] NoticeController {/api/system/notice}: +0ms
[Nest] 85795  - 06/25/2026, 10:00:10 PM     LOG [RouterExplorer] Mapped {/api/system/notice/list, GET} route +1ms
[Nest] 85795  - 06/25/2026, 10:00:10 PM     LOG [RouterExplorer] Mapped {/api/system/notice/:id, GET} route +0ms
[Nest] 85795  - 06/25/2026, 10:00:10 PM     LOG [RouterExplorer] Mapped {/api/system/notice, POST} route +0ms
[Nest] 85795  - 06/25/2026, 10:00:10 PM     LOG [RouterExplorer] Mapped {/api/system/notice, PUT} route +0ms
[Nest] 85795  - 06/25/2026, 10:00:10 PM     LOG [RouterExplorer] Mapped {/api/system/notice/:id, DELETE} route +0ms
[Nest] 85795  - 06/25/2026, 10:00:10 PM     LOG [RoutesResolver] LoginLogController {/api/monitor/login-log}: +0ms
[Nest] 85795  - 06/25/2026, 10:00:10 PM     LOG [RouterExplorer] Mapped {/api/monitor/login-log/list, GET} route +0ms
[Nest] 85795  - 06/25/2026, 10:00:10 PM     LOG [RouterExplorer] Mapped {/api/monitor/login-log/:id, GET} route +0ms
[Nest] 85795  - 06/25/2026, 10:00:10 PM     LOG [RouterExplorer] Mapped {/api/monitor/login-log/clean, DELETE} route +0ms
[Nest] 85795  - 06/25/2026, 10:00:10 PM     LOG [RoutesResolver] OperLogController {/api/monitor/oper-log}: +1ms
[Nest] 85795  - 06/25/2026, 10:00:10 PM     LOG [RouterExplorer] Mapped {/api/monitor/oper-log/list, GET} route +0ms
[Nest] 85795  - 06/25/2026, 10:00:10 PM     LOG [RouterExplorer] Mapped {/api/monitor/oper-log/:id, GET} route +0ms
[Nest] 85795  - 06/25/2026, 10:00:10 PM     LOG [RouterExplorer] Mapped {/api/monitor/oper-log/clean, DELETE} route +0ms
[Nest] 85795  - 06/25/2026, 10:00:10 PM     LOG [RoutesResolver] OnlineController {/api/monitor/online}: +0ms
[Nest] 85795  - 06/25/2026, 10:00:10 PM     LOG [RouterExplorer] Mapped {/api/monitor/online/list, GET} route +0ms
[Nest] 85795  - 06/25/2026, 10:00:10 PM     LOG [RouterExplorer] Mapped {/api/monitor/online/force-logout/:token, POST} route +0ms
[Nest] 85795  - 06/25/2026, 10:00:10 PM     LOG [RoutesResolver] ServerController {/api/monitor/server}: +0ms
[Nest] 85795  - 06/25/2026, 10:00:10 PM     LOG [RouterExplorer] Mapped {/api/monitor/server/info, GET} route +0ms
[Nest] 85795  - 06/25/2026, 10:00:10 PM     LOG [RoutesResolver] CacheController {/api/monitor/cache}: +0ms
[Nest] 85795  - 06/25/2026, 10:00:10 PM     LOG [RouterExplorer] Mapped {/api/monitor/cache/info, GET} route +0ms
[Nest] 85795  - 06/25/2026, 10:00:10 PM     LOG [RouterExplorer] Mapped {/api/monitor/cache/keys, GET} route +0ms
[Nest] 85795  - 06/25/2026, 10:00:10 PM     LOG [RouterExplorer] Mapped {/api/monitor/cache/value, GET} route +0ms
[Nest] 85795  - 06/25/2026, 10:00:10 PM     LOG [RouterExplorer] Mapped {/api/monitor/cache/clear, POST} route +1ms
[Nest] 85795  - 06/25/2026, 10:00:10 PM     LOG [RouterExplorer] Mapped {/api/monitor/cache/delete, POST} route +0ms
[Nest] 85795  - 06/25/2026, 10:00:10 PM     LOG [RoutesResolver] FileController {/api/file}: +0ms
[Nest] 85795  - 06/25/2026, 10:00:10 PM     LOG [RouterExplorer] Mapped {/api/file/config, GET} route +0ms
[Nest] 85795  - 06/25/2026, 10:00:10 PM     LOG [RouterExplorer] Mapped {/api/file/config, PUT} route +0ms
[Nest] 85795  - 06/25/2026, 10:00:10 PM     LOG [RouterExplorer] Mapped {/api/file/list, GET} route +0ms
[Nest] 85795  - 06/25/2026, 10:00:10 PM     LOG [RouterExplorer] Mapped {/api/file/detail/:id, GET} route +0ms
[Nest] 85795  - 06/25/2026, 10:00:10 PM     LOG [RouterExplorer] Mapped {/api/file/:id, DELETE} route +0ms
[Nest] 85795  - 06/25/2026, 10:00:10 PM     LOG [RouterExplorer] Mapped {/api/file/upload, POST} route +0ms
[Nest] 85795  - 06/25/2026, 10:00:10 PM     LOG [RouterExplorer] Mapped {/api/file/upload-image, POST} route +0ms
[Nest] 85795  - 06/25/2026, 10:00:10 PM     LOG [RouterExplorer] Mapped {/api/file/:filename, GET} route +0ms
[Nest] 85795  - 06/25/2026, 10:00:10 PM     LOG [RoutesResolver] GenController {/api/gen}: +0ms
[Nest] 85795  - 06/25/2026, 10:00:10 PM     LOG [RouterExplorer] Mapped {/api/gen/table/list, GET} route +1ms
[Nest] 85795  - 06/25/2026, 10:00:10 PM     LOG [RouterExplorer] Mapped {/api/gen/table/:id, GET} route +0ms
[Nest] 85795  - 06/25/2026, 10:00:10 PM     LOG [RouterExplorer] Mapped {/api/gen/table, POST} route +0ms
[Nest] 85795  - 06/25/2026, 10:00:10 PM     LOG [RouterExplorer] Mapped {/api/gen/table, PUT} route +0ms
[Nest] 85795  - 06/25/2026, 10:00:10 PM     LOG [RouterExplorer] Mapped {/api/gen/table/:id, DELETE} route +0ms
[Nest] 85795  - 06/25/2026, 10:00:10 PM     LOG [RouterExplorer] Mapped {/api/gen/column/:tableId, GET} route +0ms
[Nest] 85795  - 06/25/2026, 10:00:10 PM     LOG [RouterExplorer] Mapped {/api/gen/column/sync, POST} route +0ms
[Nest] 85795  - 06/25/2026, 10:00:10 PM     LOG [RouterExplorer] Mapped {/api/gen/generate, POST} route +0ms
[Nest] 85795  - 06/25/2026, 10:00:10 PM     LOG [RouterExplorer] Mapped {/api/gen/preview/:tableId, GET} route +0ms
[Redis] Connected successfully
[Nest] 85795  - 06/25/2026, 10:00:10 PM     LOG [PrismaService] Database connected
[Nest] 85795  - 06/25/2026, 10:00:10 PM     LOG [NestApplication] Nest application successfully started +1ms
🚀 Server running on http://localhost:3000
📚 API Docs: http://localhost:3000/api-docs
